// Jest Snapshot v1, https://goo.gl/fbAQLP

exports[`Pruebas en el componente EntryView debe de mostrar la entrada correctamente 1`] = `
<div class="entry-title d-flex justify-content-between p-2">
  <div><span class="text-success fs-3 fw-bold">6</span><span class="mx-1 fs-3">Diciembre</span><span class="mx-2 fs-4 fw-light">2022, Martes</span></div><input type="file" accept="image/png, image/jpeg" style="display: none;">
  <div><button class="btn btn-danger mx-2"> Borrar <i class="fa fa-trash-alt"></i></button><button class="btn btn-primary"> Subir foto <i class="fa fa-upload"></i></button></div>
</div>
<hr>
<div class="d-flex flex-column px-3 h-75"><textarea placeholder="Â¿Que sucedio hoy?"></textarea></div>
<!--v-if-->
<!--v-if-->
<fab-button-stub icon="fa-save"></fab-button-stub>
`;
